// Jest Snapshot v1, https://goo.gl/fbAQLP

exports[`creating a frame #1 1`] = `"ehd:1081 tid:006B seoj:0EF001 deoj:0EF001 esv:73 opc:01 epc:D5 pdc:04 edt:01 02 88 01 "`;

exports[`creating a frame #2 1`] = `"ehd:1081 tid:0000 seoj:028801 deoj:05FF01 esv:72 opc:01 epc:E7 pdc:04 edt:00 00 02 23 "`;

exports[`creating a frame #2 2`] = `"ehd:1081 tid:1234 seoj:028801 deoj:05FF01 esv:72 opc:01 epc:E7 pdc:04 edt:00 00 02 23 "`;

exports[`creating a frame #2 3`] = `"ehd:1081 tid:FEDC seoj:028801 deoj:05FF01 esv:72 opc:01 epc:E7 pdc:04 edt:00 00 02 23 "`;

exports[`creating a frame #3 and confirmed it 1`] = `"ehd:1081 tid:029F seoj:028801 deoj:05FF01 esv:74 opc:02 epc:EA pdc:0B edt:07 E5 01 12 12 00 00 00 00 FB D2 epc:EB pdc:0B edt:07 E5 01 12 12 00 00 00 00 00 09 "`;

exports[`creating a frame #3 and confirmed it 2`] = `"tid:029F seoj:05FF01 deoj:028801 epc:EA pdc:00 epc:EB pdc:00 "`;

exports[`creating a frame #3 and confirmed it 3`] = `"ehd:1081 tid:029F seoj:05FF01 deoj:028801 esv:7A opc:02 epc:EA pdc:00 epc:EB pdc:00 "`;

exports[`creating a frame from params #1 1`] = `"Frame: params are not enough epc:D5 pdc:04 edt:01 02 88 01 "`;

exports[`creating a frame from params #1 2`] = `"Frame: params are not enough tid:2345 epc:D5 pdc:04 edt:01 02 88 01 "`;

exports[`creating a frame from params #1 3`] = `"Frame: params are not enough tid:2345 seoj:678910 epc:D5 pdc:04 edt:01 02 88 01 "`;

exports[`creating a frame from params #1 4`] = `"ehd:1081 tid:2345 seoj:678910 deoj:ABCDEF esv:62 opc:01 epc:D5 pdc:04 edt:01 02 88 01 "`;

exports[`creating a frame from params #2 1`] = `"ehd:1081 tid:1234 seoj:567890 deoj:ABCDEF esv:62 opc:00 "`;
